生成启动时间为 2025/10/18 11:24:09。
日志记录详细程度设置为: Normal。     1>项目“D:\采集器上位机\采集器上位机\采集器上位机.vcxproj”在节点 2 上(Build 个目标)。
     1>PrepareForBuild:
         已启用结构化输出。编译器诊断的格式设置将反映错误层次结构。有关详细信息，请参阅 https://aka.ms/cpp/structured-output。
       InitializeBuildStatus:
         正在对“采集器上位机\x64\Release\采集器上位机.tlog\unsuccessfulbuild”执行 Touch 任务。
       QtUicSetModified:
       正在跳过目标“QtUicSetModified”，因为所有输出文件相对于输入文件而言都是最新的。
       QtUicSetModified:
       正在跳过目标“QtUicSetModified”，因为所有输出文件相对于输入文件而言都是最新的。
       QtUicSetModified:
       正在跳过目标“QtUicSetModified”，因为所有输出文件相对于输入文件而言都是最新的。
       QtRccSetModified:
       正在跳过目标“QtRccSetModified”，因为所有输出文件相对于输入文件而言都是最新的。
       QtRccFilterSetModified:
       正在跳过目标“QtRccFilterSetModified”，因为它没有输出。
       QtRccFilter:
       正在跳过目标“QtRccFilter”，因为它没有输出。
       QtQmlSetModified:
       正在跳过目标“QtQmlSetModified”，因为它没有输出。
       QtQmlCacheItem:
       正在跳过目标“QtQmlCacheItem”，因为它没有输出。
       QtMocSetModified:
       正在跳过目标“QtMocSetModified”，因为所有输出文件相对于输入文件而言都是最新的。
       QtMocSetModified:
       正在跳过目标“QtMocSetModified”，因为所有输出文件相对于输入文件而言都是最新的。
       QtMocSetModified:
       正在跳过目标“QtMocSetModified”，因为所有输出文件相对于输入文件而言都是最新的。
       QtWork:
         moc Welcom.h
         moc choose.h
         moc dataprocessing.h
       ClCompile:
         D:\Microsoft Visual Studio\VC\Tools\MSVC\14.43.34808\bin\HostX64\x64\CL.exe /c /I"采集器上位机\x64\Release\uic" /I"采集器上位机\x64\Release\moc" /IC:\Users\Admin\AppData\Local\Temp\vuyu4u4n.wxc /ID:\QT\6.8.3\msvc2022_64\include /ID:\QT\6.8.3\msvc2022_64\include\QtCharts /ID:\QT\6.8.3\msvc2022_64\include\QtOpenGLWidgets /ID:\QT\6.8.3\msvc2022_64\include\QtWidgets /ID:\QT\6.8.3\msvc2022_64\include\QtOpenGL /ID:\QT\6.8.3\msvc2022_64\include\QtGui /ID:\QT\6.8.3\msvc2022_64\include\QtCore /IC:\Users\Admin\AppData\Local\Temp\vuyu4u4n.wxc /I/include /I"D:\QT\6.8.3\msvc2022_64\mkspecs\win32-msvc" /I"采集器上位机\x64\Release\moc" /I"采集器上位机\x64\Release\uic" /nologo /W1 /WX- /diagnostics:column /MP /O2 /D _WINDOWS /D UNICODE /D _UNICODE /D WIN32 /D _ENABLE_EXTENDED_ALIGNED_STORAGE /D WIN64 /D NDEBUG /D QT_NO_DEBUG /D QT_CHARTS_LIB /D QT_OPENGLWIDGETS_LIB /D QT_WIDGETS_LIB /D QT_OPENGL_LIB /D QT_GUI_LIB /D QT_CORE_LIB /Gm- /EHsc /MD /GS /fp:precise /Zc:wchar_t /Zc:forScope /Zc:inline /std:c++17 /Fo"采集器上位机\x64\Release\\" /Fd"采集器上位机\x64\Release\vc143.pdb" /external:W1 /Gd /TP /FC /errorReport:prompt -Zc:rvalueCast -Zc:strictStrings -Zc:throwingNew -permissive- -Zc:__cplusplus -Zc:externConstexpr -utf-8 choose.cpp dataprocessing.cpp Welcom.cpp main.cpp
         choose.cpp
         dataprocessing.cpp
         Welcom.cpp
         main.cpp
         D:\Microsoft Visual Studio\VC\Tools\MSVC\14.43.34808\bin\HostX64\x64\CL.exe /c /I"采集器上位机\x64\Release\uic" /I"采集器上位机\x64\Release\moc" /I"D:\采集器上位机\采集器上位机\\" /IC:\Users\Admin\AppData\Local\Temp\vuyu4u4n.wxc /ID:\QT\6.8.3\msvc2022_64\include /ID:\QT\6.8.3\msvc2022_64\include\QtCharts /ID:\QT\6.8.3\msvc2022_64\include\QtOpenGLWidgets /ID:\QT\6.8.3\msvc2022_64\include\QtWidgets /ID:\QT\6.8.3\msvc2022_64\include\QtOpenGL /ID:\QT\6.8.3\msvc2022_64\include\QtGui /ID:\QT\6.8.3\msvc2022_64\include\QtCore /IC:\Users\Admin\AppData\Local\Temp\vuyu4u4n.wxc /I/include /I"D:\QT\6.8.3\msvc2022_64\mkspecs\win32-msvc" /I"采集器上位机\x64\Release\moc" /I"采集器上位机\x64\Release\uic" /nologo /W1 /WX- /diagnostics:column /MP /O2 /D _WINDOWS /D UNICODE /D _UNICODE /D WIN32 /D _ENABLE_EXTENDED_ALIGNED_STORAGE /D WIN64 /D NDEBUG /D QT_NO_DEBUG /D QT_CHARTS_LIB /D QT_OPENGLWIDGETS_LIB /D QT_WIDGETS_LIB /D QT_OPENGL_LIB /D QT_GUI_LIB /D QT_CORE_LIB /Gm- /EHsc /MD /GS /fp:precise /Zc:wchar_t /Zc:forScope /Zc:inline /std:c++17 /Fo"采集器上位机\x64\Release\\" /Fd"采集器上位机\x64\Release\vc143.pdb" /external:W1 /Gd /TP /FC /errorReport:prompt -Zc:rvalueCast -Zc:strictStrings -Zc:throwingNew -permissive- -Zc:__cplusplus -Zc:externConstexpr -utf-8 "采集器上位机\x64\Release\rcc\qrc_Welcom.cpp" "采集器上位机\x64\Release\moc\moc_Welcom.cpp" "采集器上位机\x64\Release\moc\moc_choose.cpp" "采集器上位机\x64\Release\moc\moc_dataprocessing.cpp"
         qrc_Welcom.cpp
         moc_Welcom.cpp
         moc_choose.cpp
         moc_dataprocessing.cpp
       Link:
         D:\Microsoft Visual Studio\VC\Tools\MSVC\14.43.34808\bin\HostX64\x64\link.exe /ERRORREPORT:PROMPT /OUT:"D:\采集器上位机\采集器上位机\x64\Release\采集器上位机.exe" /NOLOGO kernel32.lib user32.lib gdi32.lib winspool.lib comdlg32.lib advapi32.lib shell32.lib ole32.lib oleaut32.lib uuid.lib odbc32.lib odbccp32.lib D:\QT\6.8.3\msvc2022_64\lib\Qt6Charts.lib D:\QT\6.8.3\msvc2022_64\lib\Qt6OpenGLWidgets.lib D:\QT\6.8.3\msvc2022_64\lib\Qt6Widgets.lib D:\QT\6.8.3\msvc2022_64\lib\Qt6OpenGL.lib D:\QT\6.8.3\msvc2022_64\lib\Qt6Gui.lib D:\QT\6.8.3\msvc2022_64\lib\Qt6Core.lib D:\QT\6.8.3\msvc2022_64\lib\Qt6EntryPoint.lib shell32.lib /MANIFEST /MANIFESTUAC:"level='asInvoker' uiAccess='false'" /manifest:embed /PDB:"D:\采集器上位机\采集器上位机\x64\Release\采集器上位机.pdb" /SUBSYSTEM:WINDOWS /TLBID:1 /DYNAMICBASE /NXCOMPAT /IMPLIB:"D:\采集器上位机\采集器上位机\x64\Release\采集器上位机.lib" /MACHINE:X64 "/MANIFESTDEPENDENCY:type='win32' name='Microsoft.Windows.Common-Controls' version='6.0.0.0' publicKeyToken='6595b64144ccf1df' language='*' processorArchitecture='*'" "采集器上位机\x64\Release\choose.obj"
         "采集器上位机\x64\Release\dataprocessing.obj"
         "采集器上位机\x64\Release\Welcom.obj"
         "采集器上位机\x64\Release\main.obj"
         "采集器上位机\x64\Release\qrc_Welcom.obj"
         "采集器上位机\x64\Release\moc_Welcom.obj"
         "采集器上位机\x64\Release\moc_choose.obj"
         "采集器上位机\x64\Release\moc_dataprocessing.obj"
         采集器上位机.vcxproj -> D:\采集器上位机\采集器上位机\x64\Release\采集器上位机.exe
       FinalizeBuildStatus:
         正在删除文件“采集器上位机\x64\Release\采集器上位机.tlog\unsuccessfulbuild”。
         正在对“采集器上位机\x64\Release\采集器上位机.tlog\采集器上位机.lastbuildstate”执行 Touch 任务。
     1>已完成生成项目“D:\采集器上位机\采集器上位机\采集器上位机.vcxproj”(Build 个目标)的操作。

已成功生成。
    0 个警告
    0 个错误

已用时间 00:00:05.10
