d:\采集器上位机\采集器上位机\采集器上位机\x64\debug\moc_dataprocessing.obj
d:\采集器上位机\采集器上位机\采集器上位机\x64\debug\moc_choose.obj
d:\采集器上位机\采集器上位机\采集器上位机\x64\debug\qrc_welcom.obj
d:\采集器上位机\采集器上位机\采集器上位机\x64\debug\moc_welcom.obj
d:\采集器上位机\采集器上位机\采集器上位机\x64\debug\vc143.pdb
d:\采集器上位机\采集器上位机\采集器上位机\x64\debug\welcom.obj
d:\采集器上位机\采集器上位机\采集器上位机\x64\debug\choose.obj
d:\采集器上位机\采集器上位机\采集器上位机\x64\debug\main.obj
d:\采集器上位机\采集器上位机\x64\debug\采集器上位机.exe
d:\采集器上位机\采集器上位机\x64\debug\采集器上位机.pdb
d:\采集器上位机\采集器上位机\采集器上位机\x64\debug\moc\moc_welcom.cpp
d:\采集器上位机\采集器上位机\采集器上位机\x64\debug\moc\moc_choose.cpp
d:\采集器上位机\采集器上位机\采集器上位机\x64\debug\moc\moc_dataprocessing.cpp
d:\采集器上位机\采集器上位机\采集器上位机\x64\debug\rcc\qrc_welcom.cpp
d:\采集器上位机\采集器上位机\采集器上位机\x64\debug\uic\ui_dataprocessing.h
d:\采集器上位机\采集器上位机\采集器上位机\x64\debug\uic\ui_choose.h
d:\采集器上位机\采集器上位机\采集器上位机\x64\debug\uic\ui_welcom.h
d:\采集器上位机\采集器上位机\x64\debug\采集器上位机.ilk
d:\采集器上位机\采集器上位机\采集器上位机\x64\debug\采集器上位机.tlog\cl.command.1.tlog
d:\采集器上位机\采集器上位机\采集器上位机\x64\debug\采集器上位机.tlog\cl.items.tlog
d:\采集器上位机\采集器上位机\采集器上位机\x64\debug\采集器上位机.tlog\cl.read.1.tlog
d:\采集器上位机\采集器上位机\采集器上位机\x64\debug\采集器上位机.tlog\cl.write.1.tlog
d:\采集器上位机\采集器上位机\采集器上位机\x64\debug\采集器上位机.tlog\link.command.1.tlog
d:\采集器上位机\采集器上位机\采集器上位机\x64\debug\采集器上位机.tlog\link.read.1.tlog
d:\采集器上位机\采集器上位机\采集器上位机\x64\debug\采集器上位机.tlog\link.secondary.1.tlog
d:\采集器上位机\采集器上位机\采集器上位机\x64\debug\采集器上位机.tlog\link.write.1.tlog
d:\采集器上位机\采集器上位机\采集器上位机\x64\debug\采集器上位机.tlog\moc.read.1u.tlog
d:\采集器上位机\采集器上位机\采集器上位机\x64\debug\采集器上位机.tlog\moc.write.1u.tlog
d:\采集器上位机\采集器上位机\采集器上位机\x64\debug\采集器上位机.tlog\rcc.read.1u.tlog
d:\采集器上位机\采集器上位机\采集器上位机\x64\debug\采集器上位机.tlog\rcc.write.1u.tlog
d:\采集器上位机\采集器上位机\采集器上位机\x64\debug\采集器上位机.tlog\uic.read.1u.tlog
d:\采集器上位机\采集器上位机\采集器上位机\x64\debug\采集器上位机.tlog\uic.write.1u.tlog
d:\采集器上位机\采集器上位机\采集器上位机\x64\debug\采集器上位机.tlog\采集器上位机.write.1u.tlog
